Archive member included because of file (symbol)

c:/freescale/kds_3.0.0/toolchain/bin/../lib/gcc/arm-none-eabi/4.8.4/armv7e-m\libgcc.a(_arm_addsubdf3.o)
                              ./Sources/main.o (__aeabi_ui2d)
c:/freescale/kds_3.0.0/toolchain/bin/../lib/gcc/arm-none-eabi/4.8.4/armv7e-m\libgcc.a(_arm_muldivdf3.o)
                              ./Sources/main.o (__aeabi_dmul)
c:/freescale/kds_3.0.0/toolchain/bin/../lib/gcc/arm-none-eabi/4.8.4/armv7e-m\libgcc.a(_arm_cmpdf2.o)
                              ./Sources/main.o (__aeabi_dcmpge)
c:/freescale/kds_3.0.0/toolchain/bin/../lib/gcc/arm-none-eabi/4.8.4/armv7e-m\libgcc.a(_arm_fixdfsi.o)
                              ./Sources/main.o (__aeabi_d2iz)
c:/freescale/kds_3.0.0/toolchain/bin/../lib/gcc/arm-none-eabi/4.8.4/../../../../arm-none-eabi/lib/armv7e-m\libg_s.a(lib_a-exit.o)
                              c:/freescale/kds_3.0.0/toolchain/bin/../lib/gcc/arm-none-eabi/4.8.4/../../../../arm-none-eabi/lib/armv7e-m/crt0.o (exit)
c:/freescale/kds_3.0.0/toolchain/bin/../lib/gcc/arm-none-eabi/4.8.4/../../../../arm-none-eabi/lib/armv7e-m\libg_s.a(lib_a-impure.o)
                              c:/freescale/kds_3.0.0/toolchain/bin/../lib/gcc/arm-none-eabi/4.8.4/../../../../arm-none-eabi/lib/armv7e-m\libg_s.a(lib_a-exit.o) (_global_impure_ptr)
c:/freescale/kds_3.0.0/toolchain/bin/../lib/gcc/arm-none-eabi/4.8.4/../../../../arm-none-eabi/lib/armv7e-m\libg_s.a(lib_a-init.o)
                              c:/freescale/kds_3.0.0/toolchain/bin/../lib/gcc/arm-none-eabi/4.8.4/../../../../arm-none-eabi/lib/armv7e-m/crt0.o (__libc_init_array)
c:/freescale/kds_3.0.0/toolchain/bin/../lib/gcc/arm-none-eabi/4.8.4/../../../../arm-none-eabi/lib/armv7e-m\libg_s.a(lib_a-memset.o)
                              c:/freescale/kds_3.0.0/toolchain/bin/../lib/gcc/arm-none-eabi/4.8.4/../../../../arm-none-eabi/lib/armv7e-m/crt0.o (memset)
c:/freescale/kds_3.0.0/toolchain/bin/../lib/gcc/arm-none-eabi/4.8.4/../../../../arm-none-eabi/lib/armv7e-m\libnosys.a(_exit.o)
                              c:/freescale/kds_3.0.0/toolchain/bin/../lib/gcc/arm-none-eabi/4.8.4/../../../../arm-none-eabi/lib/armv7e-m\libg_s.a(lib_a-exit.o) (_exit)

Discarded input sections

 .text          0x00000000        0x0 c:/freescale/kds_3.0.0/toolchain/bin/../lib/gcc/arm-none-eabi/4.8.4/armv7e-m/crti.o
 .data          0x00000000        0x0 c:/freescale/kds_3.0.0/toolchain/bin/../lib/gcc/arm-none-eabi/4.8.4/armv7e-m/crti.o
 .bss           0x00000000        0x0 c:/freescale/kds_3.0.0/toolchain/bin/../lib/gcc/arm-none-eabi/4.8.4/armv7e-m/crti.o
 .data          0x00000000        0x4 c:/freescale/kds_3.0.0/toolchain/bin/../lib/gcc/arm-none-eabi/4.8.4/armv7e-m/crtbegin.o
 .data          0x00000000        0x0 c:/freescale/kds_3.0.0/toolchain/bin/../lib/gcc/arm-none-eabi/4.8.4/../../../../arm-none-eabi/lib/armv7e-m/crt0.o
 .bss           0x00000000        0x0 c:/freescale/kds_3.0.0/toolchain/bin/../lib/gcc/arm-none-eabi/4.8.4/../../../../arm-none-eabi/lib/armv7e-m/crt0.o
 .ARM.extab     0x00000000        0x0 c:/freescale/kds_3.0.0/toolchain/bin/../lib/gcc/arm-none-eabi/4.8.4/../../../../arm-none-eabi/lib/armv7e-m/crt0.o
 .group         0x00000000        0x8 ./Sources/main.o
 .group         0x00000000        0x8 ./Sources/main.o
 .group         0x00000000        0x8 ./Sources/main.o
 .group         0x00000000        0x8 ./Sources/main.o
 .group         0x00000000        0x8 ./Sources/main.o
 .group         0x00000000        0x8 ./Sources/main.o
 .group         0x00000000        0x8 ./Sources/main.o
 .group         0x00000000        0x8 ./Sources/main.o
 .group         0x00000000        0x8 ./Sources/main.o
 .group         0x00000000        0x8 ./Sources/main.o
 .text          0x00000000        0x0 ./Sources/main.o
 .data          0x00000000        0x0 ./Sources/main.o
 .bss           0x00000000        0x0 ./Sources/main.o
 .data          0x00000000        0x0 ./Project_Settings/Startup_Code/startup_MK60DZ10.o
 .bss           0x00000000        0x0 ./Project_Settings/Startup_Code/startup_MK60DZ10.o
 .group         0x00000000        0x8 ./Project_Settings/Startup_Code/system_MK60DZ10.o
 .group         0x00000000        0x8 ./Project_Settings/Startup_Code/system_MK60DZ10.o
 .group         0x00000000        0x8 ./Project_Settings/Startup_Code/system_MK60DZ10.o
 .group         0x00000000        0x8 ./Project_Settings/Startup_Code/system_MK60DZ10.o
 .group         0x00000000        0x8 ./Project_Settings/Startup_Code/system_MK60DZ10.o
 .group         0x00000000        0x8 ./Project_Settings/Startup_Code/system_MK60DZ10.o
 .group         0x00000000        0x8 ./Project_Settings/Startup_Code/system_MK60DZ10.o
 .group         0x00000000        0x8 ./Project_Settings/Startup_Code/system_MK60DZ10.o
 .group         0x00000000        0x8 ./Project_Settings/Startup_Code/system_MK60DZ10.o
 .group         0x00000000        0x8 ./Project_Settings/Startup_Code/system_MK60DZ10.o
 .text          0x00000000        0x0 ./Project_Settings/Startup_Code/system_MK60DZ10.o
 .data          0x00000000        0x0 ./Project_Settings/Startup_Code/system_MK60DZ10.o
 .bss           0x00000000        0x0 ./Project_Settings/Startup_Code/system_MK60DZ10.o
 .data.SystemCoreClock
                0x00000000        0x4 ./Project_Settings/Startup_Code/system_MK60DZ10.o
 .text.SystemCoreClockUpdate
                0x00000000      0x1fc ./Project_Settings/Startup_Code/system_MK60DZ10.o
 .debug_macro   0x00000000      0x84a ./Project_Settings/Startup_Code/system_MK60DZ10.o
 .debug_macro   0x00000000       0x16 ./Project_Settings/Startup_Code/system_MK60DZ10.o
 .debug_macro   0x00000000       0x44 ./Project_Settings/Startup_Code/system_MK60DZ10.o
 .debug_macro   0x00000000      0x209 ./Project_Settings/Startup_Code/system_MK60DZ10.o
 .debug_macro   0x00000000       0x3f ./Project_Settings/Startup_Code/system_MK60DZ10.o
 .debug_macro   0x00000000       0x3b ./Project_Settings/Startup_Code/system_MK60DZ10.o
 .debug_macro   0x00000000       0x2d ./Project_Settings/Startup_Code/system_MK60DZ10.o
 .debug_macro   0x00000000       0x26 ./Project_Settings/Startup_Code/system_MK60DZ10.o
 .debug_macro   0x00000000      0xa99 ./Project_Settings/Startup_Code/system_MK60DZ10.o
 .debug_macro   0x00000000     0xa143 ./Project_Settings/Startup_Code/system_MK60DZ10.o
 .data          0x00000000        0x0 c:/freescale/kds_3.0.0/toolchain/bin/../lib/gcc/arm-none-eabi/4.8.4/armv7e-m\libgcc.a(_arm_addsubdf3.o)
 .bss           0x00000000        0x0 c:/freescale/kds_3.0.0/toolchain/bin/../lib/gcc/arm-none-eabi/4.8.4/armv7e-m\libgcc.a(_arm_addsubdf3.o)
 .data          0x00000000        0x0 c:/freescale/kds_3.0.0/toolchain/bin/../lib/gcc/arm-none-eabi/4.8.4/armv7e-m\libgcc.a(_arm_muldivdf3.o)
 .bss           0x00000000        0x0 c:/freescale/kds_3.0.0/toolchain/bin/../lib/gcc/arm-none-eabi/4.8.4/armv7e-m\libgcc.a(_arm_muldivdf3.o)
 .data          0x00000000        0x0 c:/freescale/kds_3.0.0/toolchain/bin/../lib/gcc/arm-none-eabi/4.8.4/armv7e-m\libgcc.a(_arm_cmpdf2.o)
 .bss           0x00000000        0x0 c:/freescale/kds_3.0.0/toolchain/bin/../lib/gcc/arm-none-eabi/4.8.4/armv7e-m\libgcc.a(_arm_cmpdf2.o)
 .data          0x00000000        0x0 c:/freescale/kds_3.0.0/toolchain/bin/../lib/gcc/arm-none-eabi/4.8.4/armv7e-m\libgcc.a(_arm_fixdfsi.o)
 .bss           0x00000000        0x0 c:/freescale/kds_3.0.0/toolchain/bin/../lib/gcc/arm-none-eabi/4.8.4/armv7e-m\libgcc.a(_arm_fixdfsi.o)
 .text          0x00000000        0x0 c:/freescale/kds_3.0.0/toolchain/bin/../lib/gcc/arm-none-eabi/4.8.4/../../../../arm-none-eabi/lib/armv7e-m\libg_s.a(lib_a-exit.o)
 .data          0x00000000        0x0 c:/freescale/kds_3.0.0/toolchain/bin/../lib/gcc/arm-none-eabi/4.8.4/../../../../arm-none-eabi/lib/armv7e-m\libg_s.a(lib_a-exit.o)
 .bss           0x00000000        0x0 c:/freescale/kds_3.0.0/toolchain/bin/../lib/gcc/arm-none-eabi/4.8.4/../../../../arm-none-eabi/lib/armv7e-m\libg_s.a(lib_a-exit.o)
 .text          0x00000000        0x0 c:/freescale/kds_3.0.0/toolchain/bin/../lib/gcc/arm-none-eabi/4.8.4/../../../../arm-none-eabi/lib/armv7e-m\libg_s.a(lib_a-impure.o)
 .data          0x00000000        0x0 c:/freescale/kds_3.0.0/toolchain/bin/../lib/gcc/arm-none-eabi/4.8.4/../../../../arm-none-eabi/lib/armv7e-m\libg_s.a(lib_a-impure.o)
 .bss           0x00000000        0x0 c:/freescale/kds_3.0.0/toolchain/bin/../lib/gcc/arm-none-eabi/4.8.4/../../../../arm-none-eabi/lib/armv7e-m\libg_s.a(lib_a-impure.o)
 .data._impure_ptr
                0x00000000        0x4 c:/freescale/kds_3.0.0/toolchain/bin/../lib/gcc/arm-none-eabi/4.8.4/../../../../arm-none-eabi/lib/armv7e-m\libg_s.a(lib_a-impure.o)
 .text          0x00000000        0x0 c:/freescale/kds_3.0.0/toolchain/bin/../lib/gcc/arm-none-eabi/4.8.4/../../../../arm-none-eabi/lib/armv7e-m\libg_s.a(lib_a-init.o)
 .data          0x00000000        0x0 c:/freescale/kds_3.0.0/toolchain/bin/../lib/gcc/arm-none-eabi/4.8.4/../../../../arm-none-eabi/lib/armv7e-m\libg_s.a(lib_a-init.o)
 .bss           0x00000000        0x0 c:/freescale/kds_3.0.0/toolchain/bin/../lib/gcc/arm-none-eabi/4.8.4/../../../../arm-none-eabi/lib/armv7e-m\libg_s.a(lib_a-init.o)
 .text          0x00000000        0x0 c:/freescale/kds_3.0.0/toolchain/bin/../lib/gcc/arm-none-eabi/4.8.4/../../../../arm-none-eabi/lib/armv7e-m\libg_s.a(lib_a-memset.o)
 .data          0x00000000        0x0 c:/freescale/kds_3.0.0/toolchain/bin/../lib/gcc/arm-none-eabi/4.8.4/../../../../arm-none-eabi/lib/armv7e-m\libg_s.a(lib_a-memset.o)
 .bss           0x00000000        0x0 c:/freescale/kds_3.0.0/toolchain/bin/../lib/gcc/arm-none-eabi/4.8.4/../../../../arm-none-eabi/lib/armv7e-m\libg_s.a(lib_a-memset.o)
 .text          0x00000000        0x0 c:/freescale/kds_3.0.0/toolchain/bin/../lib/gcc/arm-none-eabi/4.8.4/../../../../arm-none-eabi/lib/armv7e-m\libnosys.a(_exit.o)
 .data          0x00000000        0x0 c:/freescale/kds_3.0.0/toolchain/bin/../lib/gcc/arm-none-eabi/4.8.4/../../../../arm-none-eabi/lib/armv7e-m\libnosys.a(_exit.o)
 .bss           0x00000000        0x0 c:/freescale/kds_3.0.0/toolchain/bin/../lib/gcc/arm-none-eabi/4.8.4/../../../../arm-none-eabi/lib/armv7e-m\libnosys.a(_exit.o)
 .text          0x00000000        0x0 c:/freescale/kds_3.0.0/toolchain/bin/../lib/gcc/arm-none-eabi/4.8.4/armv7e-m/crtend.o
 .data          0x00000000        0x0 c:/freescale/kds_3.0.0/toolchain/bin/../lib/gcc/arm-none-eabi/4.8.4/armv7e-m/crtend.o
 .bss           0x00000000        0x0 c:/freescale/kds_3.0.0/toolchain/bin/../lib/gcc/arm-none-eabi/4.8.4/armv7e-m/crtend.o
 .eh_frame      0x00000000        0x4 c:/freescale/kds_3.0.0/toolchain/bin/../lib/gcc/arm-none-eabi/4.8.4/armv7e-m/crtend.o
 .text          0x00000000        0x0 c:/freescale/kds_3.0.0/toolchain/bin/../lib/gcc/arm-none-eabi/4.8.4/armv7e-m/crtn.o
 .data          0x00000000        0x0 c:/freescale/kds_3.0.0/toolchain/bin/../lib/gcc/arm-none-eabi/4.8.4/armv7e-m/crtn.o
 .bss           0x00000000        0x0 c:/freescale/kds_3.0.0/toolchain/bin/../lib/gcc/arm-none-eabi/4.8.4/armv7e-m/crtn.o

Memory Configuration

Name             Origin             Length             Attributes
m_interrupts     0x00000000         0x00000400         xr
m_flash_config   0x00000400         0x00000010         xr
m_text           0x00000410         0x0007fbf0         xr
m_data           0x20000000         0x00010000         rw
m_data_1FFF0000  0x1fff0000         0x00010000         rw
*default*        0x00000000         0xffffffff

Linker script and memory map

LOAD c:/freescale/kds_3.0.0/toolchain/bin/../lib/gcc/arm-none-eabi/4.8.4/armv7e-m/crti.o
LOAD c:/freescale/kds_3.0.0/toolchain/bin/../lib/gcc/arm-none-eabi/4.8.4/armv7e-m/crtbegin.o
LOAD c:/freescale/kds_3.0.0/toolchain/bin/../lib/gcc/arm-none-eabi/4.8.4/../../../../arm-none-eabi/lib/armv7e-m/crt0.o
LOAD ./Sources/main.o
LOAD ./Project_Settings/Startup_Code/startup_MK60DZ10.o
LOAD ./Project_Settings/Startup_Code/system_MK60DZ10.o
LOAD c:/freescale/kds_3.0.0/toolchain/bin/../lib/gcc/arm-none-eabi/4.8.4/../../../../arm-none-eabi/lib/armv7e-m\libstdc++_s.a
LOAD c:/freescale/kds_3.0.0/toolchain/bin/../lib/gcc/arm-none-eabi/4.8.4/../../../../arm-none-eabi/lib/armv7e-m\libm.a
START GROUP
LOAD c:/freescale/kds_3.0.0/toolchain/bin/../lib/gcc/arm-none-eabi/4.8.4/armv7e-m\libgcc.a
LOAD c:/freescale/kds_3.0.0/toolchain/bin/../lib/gcc/arm-none-eabi/4.8.4/../../../../arm-none-eabi/lib/armv7e-m\libg_s.a
LOAD c:/freescale/kds_3.0.0/toolchain/bin/../lib/gcc/arm-none-eabi/4.8.4/../../../../arm-none-eabi/lib/armv7e-m\libc_s.a
END GROUP
START GROUP
LOAD c:/freescale/kds_3.0.0/toolchain/bin/../lib/gcc/arm-none-eabi/4.8.4/armv7e-m\libgcc.a
LOAD c:/freescale/kds_3.0.0/toolchain/bin/../lib/gcc/arm-none-eabi/4.8.4/../../../../arm-none-eabi/lib/armv7e-m\libc_s.a
LOAD c:/freescale/kds_3.0.0/toolchain/bin/../lib/gcc/arm-none-eabi/4.8.4/../../../../arm-none-eabi/lib/armv7e-m\libnosys.a
END GROUP
START GROUP
LOAD c:/freescale/kds_3.0.0/toolchain/bin/../lib/gcc/arm-none-eabi/4.8.4/armv7e-m\libgcc.a
LOAD c:/freescale/kds_3.0.0/toolchain/bin/../lib/gcc/arm-none-eabi/4.8.4/../../../../arm-none-eabi/lib/armv7e-m\libc_s.a
LOAD c:/freescale/kds_3.0.0/toolchain/bin/../lib/gcc/arm-none-eabi/4.8.4/../../../../arm-none-eabi/lib/armv7e-m\libnosys.a
END GROUP
LOAD c:/freescale/kds_3.0.0/toolchain/bin/../lib/gcc/arm-none-eabi/4.8.4/armv7e-m/crtend.o
LOAD c:/freescale/kds_3.0.0/toolchain/bin/../lib/gcc/arm-none-eabi/4.8.4/armv7e-m/crtn.o
                0x00000400                HEAP_SIZE = DEFINED (__heap_size__)?__heap_size__:0x400
                0x00000400                STACK_SIZE = DEFINED (__stack_size__)?__stack_size__:0x400

.interrupts     0x00000000      0x400
                0x00000000                __VECTOR_TABLE = .
                0x00000000                . = ALIGN (0x4)
 *(.isr_vector)
 .isr_vector    0x00000000      0x400 ./Project_Settings/Startup_Code/startup_MK60DZ10.o
                0x00000000                __isr_vector
                0x00000400                . = ALIGN (0x4)

.flash_config   0x00000400       0x10
                0x00000400                . = ALIGN (0x4)
 *(.FlashConfig)
 .FlashConfig   0x00000400       0x10 ./Project_Settings/Startup_Code/startup_MK60DZ10.o
                0x00000410                . = ALIGN (0x4)

.text           0x00000410     0x13f4
                0x00000410                . = ALIGN (0x4)
 *(.text)
 .text          0x00000410       0x54 c:/freescale/kds_3.0.0/toolchain/bin/../lib/gcc/arm-none-eabi/4.8.4/armv7e-m/crtbegin.o
 .text          0x00000464       0x74 c:/freescale/kds_3.0.0/toolchain/bin/../lib/gcc/arm-none-eabi/4.8.4/../../../../arm-none-eabi/lib/armv7e-m/crt0.o
                0x00000464                _start
                0x00000464                _mainCRTStartup
 .text          0x000004d8       0x58 ./Project_Settings/Startup_Code/startup_MK60DZ10.o
                0x000004d8                Reset_Handler
                0x0000052c                Reserved111_IRQHandler
                0x0000052c                DebugMon_Handler
                0x0000052c                I2C0_IRQHandler
                0x0000052c                HardFault_Handler
                0x0000052c                CAN1_ORed_Message_buffer_IRQHandler
                0x0000052c                Reserved60_IRQHandler
                0x0000052c                SysTick_Handler
                0x0000052c                UART3_RX_TX_IRQHandler
                0x0000052c                Reserved114_IRQHandler
                0x0000052c                PendSV_Handler
                0x0000052c                NMI_Handler
                0x0000052c                UART0_RX_TX_IRQHandler
                0x0000052c                I2C1_IRQHandler
                0x0000052c                DMA2_IRQHandler
                0x0000052c                Reserved59_IRQHandler
                0x0000052c                ENET_Error_IRQHandler
                0x0000052c                CAN0_Tx_Warning_IRQHandler
                0x0000052c                Reserved119_IRQHandler
                0x0000052c                CAN0_ORed_Message_buffer_IRQHandler
                0x0000052c                Watchdog_IRQHandler
                0x0000052c                CMP2_IRQHandler
                0x0000052c                I2S0_IRQHandler
                0x0000052c                Reserved116_IRQHandler
                0x0000052c                TSI0_IRQHandler
                0x0000052c                ENET_Receive_IRQHandler
                0x0000052c                ENET_1588_Timer_IRQHandler
                0x0000052c                CAN1_Error_IRQHandler
                0x0000052c                UART2_RX_TX_IRQHandler
                0x0000052c                ADC0_IRQHandler
                0x0000052c                UsageFault_Handler
                0x0000052c                CMT_IRQHandler
                0x0000052c                UART4_RX_TX_IRQHandler
                0x0000052c                SPI1_IRQHandler
                0x0000052c                DefaultISR
                0x0000052c                DMA9_IRQHandler
                0x0000052c                DMA14_IRQHandler
                0x0000052c                CMP1_IRQHandler
                0x0000052c                PORTD_IRQHandler
                0x0000052c                PORTB_IRQHandler
                0x0000052c                UART4_ERR_IRQHandler
                0x0000052c                ADC1_IRQHandler
                0x0000052c                LPTimer_IRQHandler
                0x0000052c                DMA5_IRQHandler
                0x0000052c                RTC_IRQHandler
                0x0000052c                PDB0_IRQHandler
                0x0000052c                CAN1_Bus_Off_IRQHandler
                0x0000052c                CAN0_Rx_Warning_IRQHandler
                0x0000052c                FTM1_IRQHandler
                0x0000052c                UART5_RX_TX_IRQHandler
                0x0000052c                UART3_ERR_IRQHandler
                0x0000052c                PIT3_IRQHandler
                0x0000052c                SDHC_IRQHandler
                0x0000052c                MCG_IRQHandler
                0x0000052c                Reserved108_IRQHandler
                0x0000052c                Reserved117_IRQHandler
                0x0000052c                Reserved110_IRQHandler
                0x0000052c                UART2_ERR_IRQHandler
                0x0000052c                DMA11_IRQHandler
                0x0000052c                UART5_ERR_IRQHandler
                0x0000052c                Read_Collision_IRQHandler
                0x0000052c                Default_Handler
                0x0000052c                DMA7_IRQHandler
                0x0000052c                Reserved102_IRQHandler
                0x0000052c                ENET_Transmit_IRQHandler
                0x0000052c                USBDCD_IRQHandler
                0x0000052c                CAN1_Tx_Warning_IRQHandler
                0x0000052c                USB0_IRQHandler
                0x0000052c                LLW_IRQHandler
                0x0000052c                SPI2_IRQHandler
                0x0000052c                MemManage_Handler
                0x0000052c                Reserved83_IRQHandler
                0x0000052c                CAN1_Rx_Warning_IRQHandler
                0x0000052c                Reserved115_IRQHandler
                0x0000052c                SVC_Handler
                0x0000052c                CAN1_Wake_Up_IRQHandler
                0x0000052c                Reserved109_IRQHandler
                0x0000052c                DMA13_IRQHandler
                0x0000052c                DMA3_IRQHandler
                0x0000052c                RNG_IRQHandler
                0x0000052c                DMA0_IRQHandler
                0x0000052c                DMA15_IRQHandler
                0x0000052c                DAC0_IRQHandler
                0x0000052c                Reserved118_IRQHandler
                0x0000052c                CAN0_Error_IRQHandler
                0x0000052c                Reserved112_IRQHandler
                0x0000052c                DMA4_IRQHandler
                0x0000052c                UART0_ERR_IRQHandler
                0x0000052c                DMA_Error_IRQHandler
                0x0000052c                LVD_LVW_IRQHandler
                0x0000052c                SPI0_IRQHandler
                0x0000052c                FTM0_IRQHandler
                0x0000052c                Reserved51_IRQHandler
                0x0000052c                DAC1_IRQHandler
                0x0000052c                MCM_IRQHandler
                0x0000052c                DMA12_IRQHandler
                0x0000052c                FTFL_IRQHandler
                0x0000052c                CAN0_Bus_Off_IRQHandler
                0x0000052c                PORTE_IRQHandler
                0x0000052c                FTM2_IRQHandler
                0x0000052c                BusFault_Handler
                0x0000052c                DMA8_IRQHandler
                0x0000052c                DMA10_IRQHandler
                0x0000052c                CAN0_Wake_Up_IRQHandler
                0x0000052c                UART1_ERR_IRQHandler
                0x0000052c                UART1_RX_TX_IRQHandler
                0x0000052c                CMP0_IRQHandler
                0x0000052c                Reserved52_IRQHandler
                0x0000052c                PORTC_IRQHandler
                0x0000052c                DMA6_IRQHandler
                0x0000052c                DMA1_IRQHandler
                0x0000052c                Reserved113_IRQHandler
 .text          0x00000530      0x370 c:/freescale/kds_3.0.0/toolchain/bin/../lib/gcc/arm-none-eabi/4.8.4/armv7e-m\libgcc.a(_arm_addsubdf3.o)
                0x00000530                __aeabi_drsub
                0x00000538                __aeabi_dsub
                0x00000538                __subdf3
                0x0000053c                __aeabi_dadd
                0x0000053c                __adddf3
                0x000007b4                __floatunsidf
                0x000007b4                __aeabi_ui2d
                0x000007d4                __floatsidf
                0x000007d4                __aeabi_i2d
                0x000007f8                __aeabi_f2d
                0x000007f8                __extendsfdf2
                0x00000834                __floatundidf
                0x00000834                __aeabi_ul2d
                0x00000844                __floatdidf
                0x00000844                __aeabi_l2d
 .text          0x000008a0      0x424 c:/freescale/kds_3.0.0/toolchain/bin/../lib/gcc/arm-none-eabi/4.8.4/armv7e-m\libgcc.a(_arm_muldivdf3.o)
                0x000008a0                __aeabi_dmul
                0x000008a0                __muldf3
                0x00000af4                __divdf3
                0x00000af4                __aeabi_ddiv
 .text          0x00000cc4      0x110 c:/freescale/kds_3.0.0/toolchain/bin/../lib/gcc/arm-none-eabi/4.8.4/armv7e-m\libgcc.a(_arm_cmpdf2.o)
                0x00000cc4                __gtdf2
                0x00000cc4                __gedf2
                0x00000ccc                __ltdf2
                0x00000ccc                __ledf2
                0x00000cd4                __nedf2
                0x00000cd4                __eqdf2
                0x00000cd4                __cmpdf2
                0x00000d50                __aeabi_cdrcmple
                0x00000d60                __aeabi_cdcmpeq
                0x00000d60                __aeabi_cdcmple
                0x00000d70                __aeabi_dcmpeq
                0x00000d84                __aeabi_dcmplt
                0x00000d98                __aeabi_dcmple
                0x00000dac                __aeabi_dcmpge
                0x00000dc0                __aeabi_dcmpgt
 .text          0x00000dd4       0x50 c:/freescale/kds_3.0.0/toolchain/bin/../lib/gcc/arm-none-eabi/4.8.4/armv7e-m\libgcc.a(_arm_fixdfsi.o)
                0x00000dd4                __aeabi_d2iz
                0x00000dd4                __fixdfsi
 *(.text*)
 .text.NVIC_EnableIRQ
                0x00000e24       0x30 ./Sources/main.o
 .text.NVIC_ClearPendingIRQ
                0x00000e54       0x34 ./Sources/main.o
 .text.delay    0x00000e88       0x40 ./Sources/main.o
                0x00000e88                delay
 .text.MCU_init
                0x00000ec8       0x38 ./Sources/main.o
                0x00000ec8                MCU_init
 .text.PORT_init
                0x00000f00       0xf0 ./Sources/main.o
                0x00000f00                PORT_init
 .text.PIT_init
                0x00000ff0       0xa4 ./Sources/main.o
                0x00000ff0                PIT_init
 .text.set_digit
                0x00001094      0x17c ./Sources/main.o
                0x00001094                set_digit
 .text.update_display
                0x00001210      0x2e8 ./Sources/main.o
                0x00001210                update_display
 .text.start_ultrasonic
                0x000014f8       0x2c ./Sources/main.o
                0x000014f8                start_ultrasonic
 .text.PIT0_IRQHandler
                0x00001524       0x34 ./Sources/main.o
                0x00001524                PIT0_IRQHandler
 .text.PIT1_IRQHandler
                0x00001558       0x40 ./Sources/main.o
                0x00001558                PIT1_IRQHandler
 .text.PIT2_IRQHandler
                0x00001598       0x18 ./Sources/main.o
                0x00001598                PIT2_IRQHandler
 .text.PORTA_IRQHandler
                0x000015b0       0xf0 ./Sources/main.o
                0x000015b0                PORTA_IRQHandler
 .text.main     0x000016a0       0x2c ./Sources/main.o
                0x000016a0                main
 .text.SystemInit
                0x000016cc       0x90 ./Project_Settings/Startup_Code/system_MK60DZ10.o
                0x000016cc                SystemInit
 .text.exit     0x0000175c       0x28 c:/freescale/kds_3.0.0/toolchain/bin/../lib/gcc/arm-none-eabi/4.8.4/../../../../arm-none-eabi/lib/armv7e-m\libg_s.a(lib_a-exit.o)
                0x0000175c                exit
 .text.__libc_init_array
                0x00001784       0x4c c:/freescale/kds_3.0.0/toolchain/bin/../lib/gcc/arm-none-eabi/4.8.4/../../../../arm-none-eabi/lib/armv7e-m\libg_s.a(lib_a-init.o)
                0x00001784                __libc_init_array
 .text.memset   0x000017d0       0x10 c:/freescale/kds_3.0.0/toolchain/bin/../lib/gcc/arm-none-eabi/4.8.4/../../../../arm-none-eabi/lib/armv7e-m\libg_s.a(lib_a-memset.o)
                0x000017d0                memset
 .text._exit    0x000017e0        0x4 c:/freescale/kds_3.0.0/toolchain/bin/../lib/gcc/arm-none-eabi/4.8.4/../../../../arm-none-eabi/lib/armv7e-m\libnosys.a(_exit.o)
                0x000017e0                _exit
 *(.rodata)
 *(.rodata*)
 .rodata.str1.1
                0x000017e4        0x2 c:/freescale/kds_3.0.0/toolchain/bin/../lib/gcc/arm-none-eabi/4.8.4/../../../../arm-none-eabi/lib/armv7e-m\libg_s.a(lib_a-impure.o)
 *fill*         0x000017e6        0x2 
 .rodata._global_impure_ptr
                0x000017e8        0x4 c:/freescale/kds_3.0.0/toolchain/bin/../lib/gcc/arm-none-eabi/4.8.4/../../../../arm-none-eabi/lib/armv7e-m\libg_s.a(lib_a-impure.o)
                0x000017e8                _global_impure_ptr
 *(.glue_7)
 .glue_7        0x00000000        0x0 linker stubs
 *(.glue_7t)
 .glue_7t       0x00000000        0x0 linker stubs
 *(.eh_frame)
 .eh_frame      0x000017ec        0x0 c:/freescale/kds_3.0.0/toolchain/bin/../lib/gcc/arm-none-eabi/4.8.4/armv7e-m/crtbegin.o
 *(.init)
 .init          0x000017ec        0x4 c:/freescale/kds_3.0.0/toolchain/bin/../lib/gcc/arm-none-eabi/4.8.4/armv7e-m/crti.o
                0x000017ec                _init
 .init          0x000017f0        0x8 c:/freescale/kds_3.0.0/toolchain/bin/../lib/gcc/arm-none-eabi/4.8.4/armv7e-m/crtn.o
 *(.fini)
 .fini          0x000017f8        0x4 c:/freescale/kds_3.0.0/toolchain/bin/../lib/gcc/arm-none-eabi/4.8.4/armv7e-m/crti.o
                0x000017f8                _fini
 .fini          0x000017fc        0x8 c:/freescale/kds_3.0.0/toolchain/bin/../lib/gcc/arm-none-eabi/4.8.4/armv7e-m/crtn.o
                0x00001804                . = ALIGN (0x4)

.vfp11_veneer   0x00001804        0x0
 .vfp11_veneer  0x00000000        0x0 linker stubs

.v4_bx          0x00001804        0x0
 .v4_bx         0x00000000        0x0 linker stubs

.iplt           0x00001804        0x0
 .iplt          0x00000000        0x0 c:/freescale/kds_3.0.0/toolchain/bin/../lib/gcc/arm-none-eabi/4.8.4/armv7e-m/crtbegin.o

.ARM.extab
 *(.ARM.extab* .gnu.linkonce.armextab.*)

.ARM            0x00001804        0x8
                0x00001804                __exidx_start = .
 *(.ARM.exidx*)
 .ARM.exidx     0x00001804        0x8 c:/freescale/kds_3.0.0/toolchain/bin/../lib/gcc/arm-none-eabi/4.8.4/../../../../arm-none-eabi/lib/armv7e-m/crt0.o
                0x0000180c                __exidx_end = .

.rel.dyn        0x0000180c        0x0
 .rel.iplt      0x00000000        0x0 c:/freescale/kds_3.0.0/toolchain/bin/../lib/gcc/arm-none-eabi/4.8.4/armv7e-m/crtbegin.o

.ctors          0x0000180c        0x0
                0x0000180c                __CTOR_LIST__ = .
 *crtbegin.o(.ctors)
 *crtbegin?.o(.ctors)
 *(EXCLUDE_FILE(*crtend.o *crtend?.o) .ctors)
 *(SORT(.ctors.*))
 *(.ctors)
                0x0000180c                __CTOR_END__ = .

.dtors          0x0000180c        0x0
                0x0000180c                __DTOR_LIST__ = .
 *crtbegin.o(.dtors)
 *crtbegin?.o(.dtors)
 *(EXCLUDE_FILE(*crtend.o *crtend?.o) .dtors)
 *(SORT(.dtors.*))
 *(.dtors)
                0x0000180c                __DTOR_END__ = .

.preinit_array  0x0000180c        0x0
                0x0000180c                PROVIDE (__preinit_array_start, .)
 *(.preinit_array*)
                0x0000180c                PROVIDE (__preinit_array_end, .)

.init_array     0x0000180c        0x4
                0x0000180c                PROVIDE (__init_array_start, .)
 *(SORT(.init_array.*))
 *(.init_array*)
 .init_array    0x0000180c        0x4 c:/freescale/kds_3.0.0/toolchain/bin/../lib/gcc/arm-none-eabi/4.8.4/armv7e-m/crtbegin.o
                0x00001810                PROVIDE (__init_array_end, .)

.fini_array     0x00001810        0x4
                0x00001810                PROVIDE (__fini_array_start, .)
 *(SORT(.fini_array.*))
 *(.fini_array*)
 .fini_array    0x00001810        0x4 c:/freescale/kds_3.0.0/toolchain/bin/../lib/gcc/arm-none-eabi/4.8.4/armv7e-m/crtbegin.o
                0x00001814                PROVIDE (__fini_array_end, .)
                0x00001814                __etext = .
                0x00001814                __DATA_ROM = .

.data           0x20000000       0x64 load address 0x00001814
                0x20000000                . = ALIGN (0x4)
                0x20000000                __DATA_RAM = .
                0x20000000                __data_start__ = .
 *(.data)
 *(.data*)
 .data.impure_data
                0x20000000       0x60 c:/freescale/kds_3.0.0/toolchain/bin/../lib/gcc/arm-none-eabi/4.8.4/../../../../arm-none-eabi/lib/armv7e-m\libg_s.a(lib_a-impure.o)
 *(.jcr*)
 .jcr           0x20000060        0x0 c:/freescale/kds_3.0.0/toolchain/bin/../lib/gcc/arm-none-eabi/4.8.4/armv7e-m/crtbegin.o
 .jcr           0x20000060        0x4 c:/freescale/kds_3.0.0/toolchain/bin/../lib/gcc/arm-none-eabi/4.8.4/armv7e-m/crtend.o
                0x20000064                . = ALIGN (0x4)
                0x20000064                __data_end__ = .
                0x00001878                __DATA_END = (__DATA_ROM + (__data_end__ - __data_start__))
                0x00001878                __m_data_1FFF0000_ROMStart = (__DATA_ROM + SIZEOF (.data))

.igot.plt       0x20000064        0x0 load address 0x00001878
 .igot.plt      0x00000000        0x0 c:/freescale/kds_3.0.0/toolchain/bin/../lib/gcc/arm-none-eabi/4.8.4/armv7e-m/crtbegin.o

.m_data_1FFF0000
                0x1fff0000        0x0 load address 0x00001878
                0x1fff0000                . = ALIGN (0x4)
                0x1fff0000                __m_data_1FFF0000_RAMStart = .
 *(.m_data_1FFF0000)
                0x1fff0000                __m_data_1FFF0000_RAMEnd = .
                0x1fff0000                . = ALIGN (0x4)
                0x00000000                __m_data_1FFF0000_ROMSize = (__m_data_1FFF0000_RAMEnd - __m_data_1FFF0000_RAMStart)

.bss            0x20000068       0x28 load address 0x00001880
                0x20000068                . = ALIGN (0x4)
                0x20000068                __START_BSS = .
                0x20000068                __bss_start__ = .
 *(.bss)
 .bss           0x20000068       0x1c c:/freescale/kds_3.0.0/toolchain/bin/../lib/gcc/arm-none-eabi/4.8.4/armv7e-m/crtbegin.o
 *(.bss*)
 *fill*         0x20000084        0x4 
 .bss.distance  0x20000088        0x8 ./Sources/main.o
                0x20000088                distance
 *(COMMON)
                0x20000090                . = ALIGN (0x4)
                0x20000090                __bss_end__ = .
                0x20000090                __END_BSS = .

.heap           0x20000090      0x400 load address 0x000018a8
                0x20000090                . = ALIGN (0x8)
                0x20000090                __end__ = .
                0x20000090                PROVIDE (end, .)
                0x20000090                __HeapBase = .
                0x20000490                . = (. + HEAP_SIZE)
 *fill*         0x20000090      0x400 
                0x20000490                __HeapLimit = .

.stack          0x20000490      0x400 load address 0x00001ca8
                0x20000490                . = ALIGN (0x8)
                0x20000890                . = (. + STACK_SIZE)
 *fill*         0x20000490      0x400 
                0x20000890                __StackTop = .
                0x20000490                __StackLimit = (__StackTop - STACK_SIZE)
                0x20000890                PROVIDE (__stack, __StackTop)

.ARM.attributes
                0x00000000       0x2a
 *(.ARM.attributes)
 .ARM.attributes
                0x00000000       0x1e c:/freescale/kds_3.0.0/toolchain/bin/../lib/gcc/arm-none-eabi/4.8.4/armv7e-m/crti.o
 .ARM.attributes
                0x0000001e       0x2e c:/freescale/kds_3.0.0/toolchain/bin/../lib/gcc/arm-none-eabi/4.8.4/armv7e-m/crtbegin.o
 .ARM.attributes
                0x0000004c       0x1c c:/freescale/kds_3.0.0/toolchain/bin/../lib/gcc/arm-none-eabi/4.8.4/../../../../arm-none-eabi/lib/armv7e-m/crt0.o
 .ARM.attributes
                0x00000068       0x33 ./Sources/main.o
 .ARM.attributes
                0x0000009b       0x1b ./Project_Settings/Startup_Code/startup_MK60DZ10.o
 .ARM.attributes
                0x000000b6       0x33 ./Project_Settings/Startup_Code/system_MK60DZ10.o
 .ARM.attributes
                0x000000e9       0x1e c:/freescale/kds_3.0.0/toolchain/bin/../lib/gcc/arm-none-eabi/4.8.4/armv7e-m\libgcc.a(_arm_addsubdf3.o)
 .ARM.attributes
                0x00000107       0x1e c:/freescale/kds_3.0.0/toolchain/bin/../lib/gcc/arm-none-eabi/4.8.4/armv7e-m\libgcc.a(_arm_muldivdf3.o)
 .ARM.attributes
                0x00000125       0x1e c:/freescale/kds_3.0.0/toolchain/bin/../lib/gcc/arm-none-eabi/4.8.4/armv7e-m\libgcc.a(_arm_cmpdf2.o)
 .ARM.attributes
                0x00000143       0x1e c:/freescale/kds_3.0.0/toolchain/bin/../lib/gcc/arm-none-eabi/4.8.4/armv7e-m\libgcc.a(_arm_fixdfsi.o)
 .ARM.attributes
                0x00000161       0x2e c:/freescale/kds_3.0.0/toolchain/bin/../lib/gcc/arm-none-eabi/4.8.4/../../../../arm-none-eabi/lib/armv7e-m\libg_s.a(lib_a-exit.o)
 .ARM.attributes
                0x0000018f       0x2e c:/freescale/kds_3.0.0/toolchain/bin/../lib/gcc/arm-none-eabi/4.8.4/../../../../arm-none-eabi/lib/armv7e-m\libg_s.a(lib_a-impure.o)
 .ARM.attributes
                0x000001bd       0x2e c:/freescale/kds_3.0.0/toolchain/bin/../lib/gcc/arm-none-eabi/4.8.4/../../../../arm-none-eabi/lib/armv7e-m\libg_s.a(lib_a-init.o)
 .ARM.attributes
                0x000001eb       0x2e c:/freescale/kds_3.0.0/toolchain/bin/../lib/gcc/arm-none-eabi/4.8.4/../../../../arm-none-eabi/lib/armv7e-m\libg_s.a(lib_a-memset.o)
 .ARM.attributes
                0x00000219       0x2e c:/freescale/kds_3.0.0/toolchain/bin/../lib/gcc/arm-none-eabi/4.8.4/../../../../arm-none-eabi/lib/armv7e-m\libnosys.a(_exit.o)
 .ARM.attributes
                0x00000247       0x2e c:/freescale/kds_3.0.0/toolchain/bin/../lib/gcc/arm-none-eabi/4.8.4/armv7e-m/crtend.o
 .ARM.attributes
                0x00000275       0x1e c:/freescale/kds_3.0.0/toolchain/bin/../lib/gcc/arm-none-eabi/4.8.4/armv7e-m/crtn.o
OUTPUT(xdohun00.elf elf32-littlearm)

.debug_info     0x00000000     0x10b1
 .debug_info    0x00000000      0xbd7 ./Sources/main.o
 .debug_info    0x00000bd7       0x7a ./Project_Settings/Startup_Code/startup_MK60DZ10.o
 .debug_info    0x00000c51      0x460 ./Project_Settings/Startup_Code/system_MK60DZ10.o

.debug_abbrev   0x00000000      0x363
 .debug_abbrev  0x00000000      0x235 ./Sources/main.o
 .debug_abbrev  0x00000235       0x14 ./Project_Settings/Startup_Code/startup_MK60DZ10.o
 .debug_abbrev  0x00000249      0x11a ./Project_Settings/Startup_Code/system_MK60DZ10.o

.debug_aranges  0x00000000       0xd0
 .debug_aranges
                0x00000000       0x88 ./Sources/main.o
 .debug_aranges
                0x00000088       0x20 ./Project_Settings/Startup_Code/startup_MK60DZ10.o
 .debug_aranges
                0x000000a8       0x28 ./Project_Settings/Startup_Code/system_MK60DZ10.o

.debug_ranges   0x00000000       0x90
 .debug_ranges  0x00000000       0x78 ./Sources/main.o
 .debug_ranges  0x00000078       0x18 ./Project_Settings/Startup_Code/system_MK60DZ10.o

.debug_macro    0x00000000     0xb91d
 .debug_macro   0x00000000      0x114 ./Sources/main.o
 .debug_macro   0x00000114      0x84a ./Sources/main.o
 .debug_macro   0x0000095e       0x3f ./Sources/main.o
 .debug_macro   0x0000099d       0x3b ./Sources/main.o
 .debug_macro   0x000009d8       0x16 ./Sources/main.o
 .debug_macro   0x000009ee       0x44 ./Sources/main.o
 .debug_macro   0x00000a32      0x209 ./Sources/main.o
 .debug_macro   0x00000c3b       0x2d ./Sources/main.o
 .debug_macro   0x00000c68       0x26 ./Sources/main.o
 .debug_macro   0x00000c8e      0xa99 ./Sources/main.o
 .debug_macro   0x00001727     0xa143 ./Sources/main.o
 .debug_macro   0x0000b86a       0xb3 ./Project_Settings/Startup_Code/system_MK60DZ10.o

.debug_line     0x00000000      0x661
 .debug_line    0x00000000      0x36a ./Sources/main.o
 .debug_line    0x0000036a       0x88 ./Project_Settings/Startup_Code/startup_MK60DZ10.o
 .debug_line    0x000003f2      0x26f ./Project_Settings/Startup_Code/system_MK60DZ10.o

.debug_str      0x00000000    0x394f5
 .debug_str     0x00000000    0x393d6 ./Sources/main.o
                              0x39563 (size before relaxing)
 .debug_str     0x000393d6      0x11f ./Project_Settings/Startup_Code/system_MK60DZ10.o
                              0x388d6 (size before relaxing)

.comment        0x00000000       0x70
 .comment       0x00000000       0x70 ./Sources/main.o
                                 0x71 (size before relaxing)
 .comment       0x00000000       0x71 ./Project_Settings/Startup_Code/system_MK60DZ10.o

.debug_frame    0x00000000      0x268
 .debug_frame   0x00000000      0x190 ./Sources/main.o
 .debug_frame   0x00000190       0x44 ./Project_Settings/Startup_Code/system_MK60DZ10.o
 .debug_frame   0x000001d4       0x28 c:/freescale/kds_3.0.0/toolchain/bin/../lib/gcc/arm-none-eabi/4.8.4/../../../../arm-none-eabi/lib/armv7e-m\libg_s.a(lib_a-exit.o)
 .debug_frame   0x000001fc       0x2c c:/freescale/kds_3.0.0/toolchain/bin/../lib/gcc/arm-none-eabi/4.8.4/../../../../arm-none-eabi/lib/armv7e-m\libg_s.a(lib_a-init.o)
 .debug_frame   0x00000228       0x20 c:/freescale/kds_3.0.0/toolchain/bin/../lib/gcc/arm-none-eabi/4.8.4/../../../../arm-none-eabi/lib/armv7e-m\libg_s.a(lib_a-memset.o)
 .debug_frame   0x00000248       0x20 c:/freescale/kds_3.0.0/toolchain/bin/../lib/gcc/arm-none-eabi/4.8.4/../../../../arm-none-eabi/lib/armv7e-m\libnosys.a(_exit.o)
